From https://github.com/sportsdataverse/hoopR-nba-data
 * [new branch]        AE/remove-qs          -> origin/AE/remove-qs
 * [new branch]        feat/nba-ci-cutover-python -> origin/feat/nba-ci-cutover-python
 * [new branch]        feat/nba-data-build   -> origin/feat/nba-data-build
 * [new branch]        feat/nba-data-build-docs -> origin/feat/nba-data-build-docs
 * [new branch]        feat/nba-flip-python-default -> origin/feat/nba-flip-python-default
 * [new branch]        feat/nba-native-rds   -> origin/feat/nba-native-rds
 * [new branch]        feat/nba-player-core-daily -> origin/feat/nba-player-core-daily
 * [new branch]        feat/nba-player-core-dataset -> origin/feat/nba-player-core-dataset
 * [new branch]        feat/nba-player-core-tree -> origin/feat/nba-player-core-tree
 * [new branch]        feat/release-sidecars -> origin/feat/release-sidecars
 * [new branch]        feat/weekly-output-parity -> origin/feat/weekly-output-parity
 * [new branch]        fix/nba-serialize-rds -> origin/fix/nba-serialize-rds
 * [new branch]        fix/player-core-manifest -> origin/fix/player-core-manifest
::group::nba_data_build pbp 2026
2026-09-09 05:14:40 [INFO] nba_data_build: pbp 2026: per-game build starting -- 1326 games (raw=https://raw.githubusercontent.com/sportsdataverse/hoopR-nba-raw/main via http)
2026-09-09 05:15:22 [INFO] nba_data_build: pbp 2026: 250/1326 games collected
2026-09-09 05:15:22 [INFO] nba_data_build: pbp 2026: 500/1326 games collected
2026-09-09 05:15:22 [INFO] nba_data_build: pbp 2026: 750/1326 games collected
2026-09-09 05:15:22 [INFO] nba_data_build: pbp 2026: 1000/1326 games collected
2026-09-09 05:15:22 [INFO] nba_data_build: pbp 2026: 1250/1326 games collected
2026-09-09 05:15:22 [WARNING] nba_data_build: pbp repair (#146): 173 game(s) with non-chronological plays -- resequencing [401809237, 401809242, 401809250, 401809505, 401809507, 401809775, 401809785, 401809793, 401809795, 401809806]
2026-09-09 05:15:22 [WARNING] nba_data_build: pbp repair (#146): clamping 248 stale-score row boundaries to running max
2026-09-09 05:15:22 [INFO] nba_data_build: pbp repair (#140): injected real closing spreads for 1321 game(s)
2026-09-09 05:16:29 [INFO] nba_data_build: wrote ../nba/pbp/parquet/play_by_play_2026.parquet (21.4MB) + play_by_play_2026.rds (23.1MB), 642472 rows x 67 cols; manifest n/a (not manifested)
2026-09-09 05:16:32 [INFO] nba_data_build: uploading play_by_play_2026.parquet (21.4MB) -> sportsdataverse/sportsdataverse-data:espn_nba_pbp
2026-09-09 05:16:34 [INFO] nba_data_build: uploaded play_by_play_2026.parquet -> espn_nba_pbp (asset 1/3)
2026-09-09 05:16:34 [INFO] nba_data_build: uploading play_by_play_2026.rds (23.1MB) -> sportsdataverse/sportsdataverse-data:espn_nba_pbp
2026-09-09 05:16:37 [INFO] nba_data_build: uploaded play_by_play_2026.rds -> espn_nba_pbp (asset 2/3)
2026-09-09 05:16:37 [INFO] nba_data_build: uploading play_by_play_2026.csv (268.3MB) -> sportsdataverse/sportsdataverse-data:espn_nba_pbp
2026-09-09 05:16:45 [INFO] nba_data_build: uploaded play_by_play_2026.csv -> espn_nba_pbp (asset 3/3)
2026-09-09 05:16:50 [INFO] nba_data_build: stamped espn_nba_pbp with timestamp.txt, timestamp.json, package_function.txt, package_function.json
2026-09-09 05:16:50 [INFO] nba_data_build: pbp 2026: done -- 642472 rows from 1325/1326 games in 130.8s
2026-09-09 05:16:50 [INFO] nba_data_build: pbp 2026: season complete -- 642472 rows
::endgroup::
::group::nba_data_build team_box 2026
2026-09-09 05:16:52 [INFO] nba_data_build: team_box 2026: per-game build starting -- 1326 games (raw=https://raw.githubusercontent.com/sportsdataverse/hoopR-nba-raw/main via http)
2026-09-09 05:17:08 [INFO] nba_data_build: team_box 2026: 250/1326 games collected
2026-09-09 05:17:08 [INFO] nba_data_build: team_box 2026: 500/1326 games collected
2026-09-09 05:17:08 [INFO] nba_data_build: team_box 2026: 750/1326 games collected
2026-09-09 05:17:08 [INFO] nba_data_build: team_box 2026: 1000/1326 games collected
2026-09-09 05:17:08 [INFO] nba_data_build: team_box 2026: 1250/1326 games collected
2026-09-09 05:17:08 [INFO] nba_data_build: wrote ../nba/team_box/parquet/team_box_2026.parquet (137.3KB) + team_box_2026.rds (167.2KB), 2652 rows x 59 cols; manifest n/a (not manifested)
2026-09-09 05:17:09 [INFO] nba_data_build: uploading team_box_2026.parquet (137.3KB) -> sportsdataverse/sportsdataverse-data:espn_nba_team_boxscores
2026-09-09 05:17:10 [INFO] nba_data_build: uploaded team_box_2026.parquet -> espn_nba_team_boxscores (asset 1/3)
2026-09-09 05:17:10 [INFO] nba_data_build: uploading team_box_2026.rds (167.2KB) -> sportsdataverse/sportsdataverse-data:espn_nba_team_boxscores
2026-09-09 05:17:11 [INFO] nba_data_build: uploaded team_box_2026.rds -> espn_nba_team_boxscores (asset 2/3)
2026-09-09 05:17:11 [INFO] nba_data_build: uploading team_box_2026.csv (1.1MB) -> sportsdataverse/sportsdataverse-data:espn_nba_team_boxscores
2026-09-09 05:17:13 [INFO] nba_data_build: uploaded team_box_2026.csv -> espn_nba_team_boxscores (asset 3/3)
2026-09-09 05:17:18 [INFO] nba_data_build: stamped espn_nba_team_boxscores with timestamp.txt, timestamp.json, package_function.txt, package_function.json
2026-09-09 05:17:18 [INFO] nba_data_build: team_box 2026: done -- 2652 rows from 1326/1326 games in 25.8s
2026-09-09 05:17:18 [INFO] nba_data_build: team_box 2026: season complete -- 2652 rows
::endgroup::
::group::nba_data_build player_box 2026
2026-09-09 05:17:19 [INFO] nba_data_build: player_box 2026: per-game build starting -- 1326 games (raw=https://raw.githubusercontent.com/sportsdataverse/hoopR-nba-raw/main via http)
2026-09-09 05:17:31 [INFO] nba_data_build: player_box 2026: 250/1326 games collected
2026-09-09 05:17:31 [INFO] nba_data_build: player_box 2026: 500/1326 games collected
2026-09-09 05:17:31 [INFO] nba_data_build: player_box 2026: 750/1326 games collected
2026-09-09 05:17:31 [INFO] nba_data_build: player_box 2026: 1000/1326 games collected
2026-09-09 05:17:31 [INFO] nba_data_build: player_box 2026: 1250/1326 games collected
2026-09-09 05:17:34 [INFO] nba_data_build: wrote ../nba/player_box/parquet/player_box_2026.parquet (592.2KB) + player_box_2026.rds (809.2KB), 34883 rows x 57 cols; manifest n/a (not manifested)
2026-09-09 05:17:35 [INFO] nba_data_build: uploading player_box_2026.parquet (592.2KB) -> sportsdataverse/sportsdataverse-data:espn_nba_player_boxscores
2026-09-09 05:17:36 [INFO] nba_data_build: uploaded player_box_2026.parquet -> espn_nba_player_boxscores (asset 1/3)
2026-09-09 05:17:36 [INFO] nba_data_build: uploading player_box_2026.rds (809.2KB) -> sportsdataverse/sportsdataverse-data:espn_nba_player_boxscores
2026-09-09 05:17:37 [INFO] nba_data_build: uploaded player_box_2026.rds -> espn_nba_player_boxscores (asset 2/3)
2026-09-09 05:17:37 [INFO] nba_data_build: uploading player_box_2026.csv (16.9MB) -> sportsdataverse/sportsdataverse-data:espn_nba_player_boxscores
2026-09-09 05:17:39 [INFO] nba_data_build: uploaded player_box_2026.csv -> espn_nba_player_boxscores (asset 3/3)
2026-09-09 05:17:44 [INFO] nba_data_build: stamped espn_nba_player_boxscores with timestamp.txt, timestamp.json, package_function.txt, package_function.json
2026-09-09 05:17:44 [INFO] nba_data_build: player_box 2026: done -- 34883 rows from 1326/1326 games in 24.9s
2026-09-09 05:17:44 [INFO] nba_data_build: player_box 2026: season complete -- 34883 rows
::endgroup::
::group::nba_data_build player_core 2026
2026-09-09 05:17:46 [INFO] nba_data_build: player_core 2026: season-level build starting (raw=https://raw.githubusercontent.com/sportsdataverse/hoopR-nba-raw/main via http)
2026-09-09 05:17:56 [INFO] nba_data_build: wrote ../nba/player_core/parquet/player_core_2026.parquet (68.1KB) + player_core_2026.rds (54.9KB) + player_core_2026.csv (193.2KB), 591 rows x 36 cols; manifest n/a (not manifested)
2026-09-09 05:17:56 [INFO] nba_data_build: uploading player_core_2026.parquet (68.1KB) -> sportsdataverse/sportsdataverse-data:espn_nba_player_core
2026-09-09 05:17:57 [INFO] nba_data_build: uploaded player_core_2026.parquet -> espn_nba_player_core (asset 1/3)
2026-09-09 05:17:57 [INFO] nba_data_build: uploading player_core_2026.rds (54.9KB) -> sportsdataverse/sportsdataverse-data:espn_nba_player_core
2026-09-09 05:17:58 [INFO] nba_data_build: uploaded player_core_2026.rds -> espn_nba_player_core (asset 2/3)
2026-09-09 05:17:58 [INFO] nba_data_build: uploading player_core_2026.csv (193.2KB) -> sportsdataverse/sportsdataverse-data:espn_nba_player_core
2026-09-09 05:18:00 [INFO] nba_data_build: uploaded player_core_2026.csv -> espn_nba_player_core (asset 3/3)
2026-09-09 05:18:03 [INFO] nba_data_build: stamped espn_nba_player_core with timestamp.txt, timestamp.json, package_function.txt, package_function.json
2026-09-09 05:18:03 [INFO] nba_data_build: player_core 2026: done -- 591 rows in 17.6s
2026-09-09 05:18:03 [INFO] nba_data_build: player_core 2026: season complete -- 591 rows
::endgroup::
::group::nba_data_build schedules 2026
2026-09-09 05:18:05 [INFO] nba_data_build: schedules 2026: season-level build starting (raw=https://raw.githubusercontent.com/sportsdataverse/hoopR-nba-raw/main via http)
2026-09-09 05:18:06 [INFO] nba_data_build: wrote ../nba/schedules/parquet/nba_schedule_2026.parquet (513.5KB) + nba_schedule_2026.rds (563.6KB) + nba_schedule_2026.csv (8.7MB), 1330 rows x 77 cols; manifest n/a (not manifested)
2026-09-09 05:18:06 [INFO] nba_data_build: uploading nba_schedule_2026.parquet (513.5KB) -> sportsdataverse/sportsdataverse-data:espn_nba_schedules
2026-09-09 05:18:08 [INFO] nba_data_build: uploaded nba_schedule_2026.parquet -> espn_nba_schedules (asset 1/3)
2026-09-09 05:18:08 [INFO] nba_data_build: uploading nba_schedule_2026.rds (563.6KB) -> sportsdataverse/sportsdataverse-data:espn_nba_schedules
2026-09-09 05:18:09 [INFO] nba_data_build: uploaded nba_schedule_2026.rds -> espn_nba_schedules (asset 2/3)
2026-09-09 05:18:09 [INFO] nba_data_build: uploading nba_schedule_2026.csv (8.7MB) -> sportsdataverse/sportsdataverse-data:espn_nba_schedules
2026-09-09 05:18:11 [INFO] nba_data_build: uploaded nba_schedule_2026.csv -> espn_nba_schedules (asset 3/3)
2026-09-09 05:18:16 [INFO] nba_data_build: stamped espn_nba_schedules with timestamp.txt, timestamp.json, package_function.txt, package_function.json
2026-09-09 05:18:16 [INFO] nba_data_build: wrote ../nba/schedules/nba_schedule_master.parquet (2.4MB), 33496 rows x 78 cols
2026-09-09 05:18:16 [INFO] nba_data_build: wrote ../nba/schedules/nba_games_in_data_repo.parquet (2.2MB), 31141 rows x 78 cols
2026-09-09 05:18:16 [INFO] nba_data_build: uploading nba_schedule_master.parquet (2.4MB) -> sportsdataverse/sportsdataverse-data:espn_nba_schedules
2026-09-09 05:18:18 [INFO] nba_data_build: uploaded nba_schedule_master.parquet -> espn_nba_schedules (asset 1/4)
2026-09-09 05:18:18 [INFO] nba_data_build: uploading nba_schedule_master.csv (36.6MB) -> sportsdataverse/sportsdataverse-data:espn_nba_schedules
2026-09-09 05:18:21 [INFO] nba_data_build: uploaded nba_schedule_master.csv -> espn_nba_schedules (asset 2/4)
2026-09-09 05:18:21 [INFO] nba_data_build: uploading nba_games_in_data_repo.parquet (2.2MB) -> sportsdataverse/sportsdataverse-data:espn_nba_schedules
2026-09-09 05:18:22 [INFO] nba_data_build: uploaded nba_games_in_data_repo.parquet -> espn_nba_schedules (asset 3/4)
2026-09-09 05:18:22 [INFO] nba_data_build: uploading nba_games_in_data_repo.csv (34.3MB) -> sportsdataverse/sportsdataverse-data:espn_nba_schedules
2026-09-09 05:18:24 [INFO] nba_data_build: uploaded nba_games_in_data_repo.csv -> espn_nba_schedules (asset 4/4)
2026-09-09 05:18:29 [INFO] nba_data_build: stamped espn_nba_schedules with timestamp.txt, timestamp.json, package_function.txt, package_function.json
2026-09-09 05:18:29 [INFO] nba_data_build: schedules 2026: done -- 1330 rows in 24.3s
2026-09-09 05:18:29 [INFO] nba_data_build: schedules 2026: season complete -- 1330 rows
::endgroup::
::group::nba_data_build shots 2026
2026-09-09 05:18:31 [INFO] nba_data_build: shots 2026: season-level build starting (raw=https://raw.githubusercontent.com/sportsdataverse/hoopR-nba-raw/main via http)
2026-09-09 05:18:44 [INFO] nba_data_build: wrote ../nba/shots/parquet/shots_2026.parquet (3.8MB) + shots_2026.rds (4.2MB) + shots_2026.csv (35.5MB), 298411 rows x 20 cols; manifest nba_shots_in_data_repo.csv appended
2026-09-09 05:18:44 [INFO] nba_data_build: uploading shots_2026.parquet (3.8MB) -> sportsdataverse/sportsdataverse-data:espn_nba_shots
2026-09-09 05:18:46 [INFO] nba_data_build: uploaded shots_2026.parquet -> espn_nba_shots (asset 1/4)
2026-09-09 05:18:46 [INFO] nba_data_build: uploading shots_2026.rds (4.2MB) -> sportsdataverse/sportsdataverse-data:espn_nba_shots
2026-09-09 05:18:47 [INFO] nba_data_build: uploaded shots_2026.rds -> espn_nba_shots (asset 2/4)
2026-09-09 05:18:47 [INFO] nba_data_build: uploading shots_2026.csv (35.5MB) -> sportsdataverse/sportsdataverse-data:espn_nba_shots
2026-09-09 05:18:50 [INFO] nba_data_build: uploaded shots_2026.csv -> espn_nba_shots (asset 3/4)
2026-09-09 05:18:50 [INFO] nba_data_build: uploading nba_shots_in_data_repo.csv (298B) -> sportsdataverse/sportsdataverse-data:espn_nba_shots
2026-09-09 05:18:51 [INFO] nba_data_build: uploaded nba_shots_in_data_repo.csv -> espn_nba_shots (asset 4/4)
2026-09-09 05:18:56 [INFO] nba_data_build: stamped espn_nba_shots with timestamp.txt, timestamp.json, package_function.txt, package_function.json
2026-09-09 05:18:56 [INFO] nba_data_build: shots 2026: done -- 298411 rows in 25.2s
2026-09-09 05:18:56 [INFO] nba_data_build: shots 2026: season complete -- 298411 rows
::endgroup::
::group::nba_data_build rosters 2026
2026-09-09 05:18:57 [INFO] nba_data_build: rosters 2026: season-level build starting (raw=https://raw.githubusercontent.com/sportsdataverse/hoopR-nba-raw/main via http)
2026-09-09 05:18:59 [INFO] nba_data_build: wrote ../nba/rosters/parquet/rosters_2026.parquet (70.7KB) + rosters_2026.rds (56.0KB) + rosters_2026.csv (224.9KB), 537 rows x 36 cols; manifest nba_rosters_in_data_repo.csv appended
2026-09-09 05:18:59 [INFO] nba_data_build: uploading rosters_2026.parquet (70.7KB) -> sportsdataverse/sportsdataverse-data:espn_nba_rosters
2026-09-09 05:19:00 [INFO] nba_data_build: uploaded rosters_2026.parquet -> espn_nba_rosters (asset 1/4)
2026-09-09 05:19:00 [INFO] nba_data_build: uploading rosters_2026.rds (56.0KB) -> sportsdataverse/sportsdataverse-data:espn_nba_rosters
2026-09-09 05:19:02 [INFO] nba_data_build: uploaded rosters_2026.rds -> espn_nba_rosters (asset 2/4)
2026-09-09 05:19:02 [INFO] nba_data_build: uploading rosters_2026.csv (224.9KB) -> sportsdataverse/sportsdataverse-data:espn_nba_rosters
2026-09-09 05:19:03 [INFO] nba_data_build: uploaded rosters_2026.csv -> espn_nba_rosters (asset 3/4)
2026-09-09 05:19:03 [INFO] nba_data_build: uploading nba_rosters_in_data_repo.csv (482B) -> sportsdataverse/sportsdataverse-data:espn_nba_rosters
2026-09-09 05:19:04 [INFO] nba_data_build: uploaded nba_rosters_in_data_repo.csv -> espn_nba_rosters (asset 4/4)
2026-09-09 05:19:10 [INFO] nba_data_build: stamped espn_nba_rosters with timestamp.txt, timestamp.json, package_function.txt, package_function.json
2026-09-09 05:19:10 [INFO] nba_data_build: rosters 2026: done -- 537 rows in 12.2s
2026-09-09 05:19:10 [INFO] nba_data_build: rosters 2026: season complete -- 537 rows
::endgroup::
::group::nba_data_build player_season_stats 2026
2026-09-09 05:19:11 [INFO] nba_data_build: player_season_stats 2026: season-level build starting (raw=https://raw.githubusercontent.com/sportsdataverse/hoopR-nba-raw/main via http)
2026-09-09 05:19:22 [INFO] nba_data_build: wrote ../nba/player_season_stats/parquet/player_season_stats_2026.parquet (108.3KB) + player_season_stats_2026.rds (139.2KB) + player_season_stats_2026.csv (4.8MB), 25006 rows x 15 cols; manifest nba_player_season_stats_in_data_repo.csv appended
2026-09-09 05:19:23 [INFO] nba_data_build: uploading player_season_stats_2026.parquet (108.3KB) -> sportsdataverse/sportsdataverse-data:espn_nba_player_season_stats
2026-09-09 05:19:24 [INFO] nba_data_build: uploaded player_season_stats_2026.parquet -> espn_nba_player_season_stats (asset 1/4)
2026-09-09 05:19:24 [INFO] nba_data_build: uploading player_season_stats_2026.rds (139.2KB) -> sportsdataverse/sportsdataverse-data:espn_nba_player_season_stats
2026-09-09 05:19:26 [INFO] nba_data_build: uploaded player_season_stats_2026.rds -> espn_nba_player_season_stats (asset 2/4)
2026-09-09 05:19:26 [INFO] nba_data_build: uploading player_season_stats_2026.csv (4.8MB) -> sportsdataverse/sportsdataverse-data:espn_nba_player_season_stats
2026-09-09 05:19:27 [INFO] nba_data_build: uploaded player_season_stats_2026.csv -> espn_nba_player_season_stats (asset 3/4)
2026-09-09 05:19:27 [INFO] nba_data_build: uploading nba_player_season_stats_in_data_repo.csv (3.0KB) -> sportsdataverse/sportsdataverse-data:espn_nba_player_season_stats
2026-09-09 05:19:29 [INFO] nba_data_build: uploaded nba_player_season_stats_in_data_repo.csv -> espn_nba_player_season_stats (asset 4/4)
2026-09-09 05:19:35 [INFO] nba_data_build: stamped espn_nba_player_season_stats with timestamp.txt, timestamp.json, package_function.txt, package_function.json
2026-09-09 05:19:35 [INFO] nba_data_build: player_season_stats 2026: done -- 25006 rows in 23.7s
2026-09-09 05:19:35 [INFO] nba_data_build: player_season_stats 2026: season complete -- 25006 rows
::endgroup::
::group::nba_data_build team_season_stats 2026
2026-09-09 05:19:37 [INFO] nba_data_build: team_season_stats 2026: season-level build starting (raw=https://raw.githubusercontent.com/sportsdataverse/hoopR-nba-raw/main via http)
2026-09-09 05:19:38 [INFO] nba_data_build: wrote ../nba/team_season_stats/parquet/team_season_stats_2026.parquet (18.7KB) + team_season_stats_2026.rds (14.8KB) + team_season_stats_2026.csv (288.0KB), 1380 rows x 16 cols; manifest nba_team_season_stats_in_data_repo.csv appended
2026-09-09 05:19:38 [INFO] nba_data_build: uploading team_season_stats_2026.parquet (18.7KB) -> sportsdataverse/sportsdataverse-data:espn_nba_team_season_stats
2026-09-09 05:19:39 [INFO] nba_data_build: uploaded team_season_stats_2026.parquet -> espn_nba_team_season_stats (asset 1/4)
2026-09-09 05:19:39 [INFO] nba_data_build: uploading team_season_stats_2026.rds (14.8KB) -> sportsdataverse/sportsdataverse-data:espn_nba_team_season_stats
2026-09-09 05:19:41 [INFO] nba_data_build: uploaded team_season_stats_2026.rds -> espn_nba_team_season_stats (asset 2/4)
2026-09-09 05:19:41 [INFO] nba_data_build: uploading team_season_stats_2026.csv (288.0KB) -> sportsdataverse/sportsdataverse-data:espn_nba_team_season_stats
2026-09-09 05:19:42 [INFO] nba_data_build: uploaded team_season_stats_2026.csv -> espn_nba_team_season_stats (asset 3/4)
2026-09-09 05:19:42 [INFO] nba_data_build: uploading nba_team_season_stats_in_data_repo.csv (3.3KB) -> sportsdataverse/sportsdataverse-data:espn_nba_team_season_stats
2026-09-09 05:19:44 [INFO] nba_data_build: uploaded nba_team_season_stats_in_data_repo.csv -> espn_nba_team_season_stats (asset 4/4)
2026-09-09 05:19:50 [INFO] nba_data_build: stamped espn_nba_team_season_stats with timestamp.txt, timestamp.json, package_function.txt, package_function.json
2026-09-09 05:19:50 [INFO] nba_data_build: team_season_stats 2026: done -- 1380 rows in 13.0s
2026-09-09 05:19:50 [INFO] nba_data_build: team_season_stats 2026: season complete -- 1380 rows
::endgroup::
::group::nba_data_build standings 2026
2026-09-09 05:19:51 [INFO] nba_data_build: standings 2026: season-level build starting (raw=https://raw.githubusercontent.com/sportsdataverse/hoopR-nba-raw/main via http)
2026-09-09 05:19:51 [INFO] nba_data_build: wrote ../nba/standings/parquet/standings_2026.parquet (16.4KB) + standings_2026.rds (7.9KB) + standings_2026.csv (147.4KB), 690 rows x 24 cols; manifest nba_standings_in_data_repo.csv appended
2026-09-09 05:19:52 [INFO] nba_data_build: uploading standings_2026.parquet (16.4KB) -> sportsdataverse/sportsdataverse-data:espn_nba_standings
2026-09-09 05:19:54 [INFO] nba_data_build: uploaded standings_2026.parquet -> espn_nba_standings (asset 1/4)
2026-09-09 05:19:54 [INFO] nba_data_build: uploading standings_2026.rds (7.9KB) -> sportsdataverse/sportsdataverse-data:espn_nba_standings
2026-09-09 05:19:55 [INFO] nba_data_build: uploaded standings_2026.rds -> espn_nba_standings (asset 2/4)
2026-09-09 05:19:55 [INFO] nba_data_build: uploading standings_2026.csv (147.4KB) -> sportsdataverse/sportsdataverse-data:espn_nba_standings
2026-09-09 05:19:56 [INFO] nba_data_build: uploaded standings_2026.csv -> espn_nba_standings (asset 3/4)
2026-09-09 05:19:56 [INFO] nba_data_build: uploading nba_standings_in_data_repo.csv (443B) -> sportsdataverse/sportsdataverse-data:espn_nba_standings
2026-09-09 05:19:57 [INFO] nba_data_build: uploaded nba_standings_in_data_repo.csv -> espn_nba_standings (asset 4/4)
2026-09-09 05:20:03 [INFO] nba_data_build: stamped espn_nba_standings with timestamp.txt, timestamp.json, package_function.txt, package_function.json
2026-09-09 05:20:03 [INFO] nba_data_build: standings 2026: done -- 690 rows in 11.6s
2026-09-09 05:20:03 [INFO] nba_data_build: standings 2026: season complete -- 690 rows
::endgroup::
::group::nba_data_build game_rosters 2026
2026-09-09 05:20:04 [INFO] nba_data_build: game_rosters 2026: season-level build starting (raw=https://raw.githubusercontent.com/sportsdataverse/hoopR-nba-raw/main via http)
2026-09-09 05:20:40 [INFO] nba_data_build: wrote ../nba/game_rosters/parquet/game_rosters_2026.parquet (292.1KB) + game_rosters_2026.rds (438.8KB) + game_rosters_2026.csv (8.5MB), 34883 rows x 22 cols; manifest nba_game_rosters_in_data_repo.csv appended
2026-09-09 05:20:40 [INFO] nba_data_build: uploading game_rosters_2026.parquet (292.1KB) -> sportsdataverse/sportsdataverse-data:espn_nba_game_rosters
2026-09-09 05:20:42 [INFO] nba_data_build: uploaded game_rosters_2026.parquet -> espn_nba_game_rosters (asset 1/4)
2026-09-09 05:20:42 [INFO] nba_data_build: uploading game_rosters_2026.rds (438.8KB) -> sportsdataverse/sportsdataverse-data:espn_nba_game_rosters
2026-09-09 05:20:44 [INFO] nba_data_build: uploaded game_rosters_2026.rds -> espn_nba_game_rosters (asset 2/4)
2026-09-09 05:20:44 [INFO] nba_data_build: uploading game_rosters_2026.csv (8.5MB) -> sportsdataverse/sportsdataverse-data:espn_nba_game_rosters
2026-09-09 05:20:45 [INFO] nba_data_build: uploaded game_rosters_2026.csv -> espn_nba_game_rosters (asset 3/4)
2026-09-09 05:20:45 [INFO] nba_data_build: uploading nba_game_rosters_in_data_repo.csv (2.7KB) -> sportsdataverse/sportsdataverse-data:espn_nba_game_rosters
2026-09-09 05:20:47 [INFO] nba_data_build: uploaded nba_game_rosters_in_data_repo.csv -> espn_nba_game_rosters (asset 4/4)
2026-09-09 05:20:52 [INFO] nba_data_build: stamped espn_nba_game_rosters with timestamp.txt, timestamp.json, package_function.txt, package_function.json
2026-09-09 05:20:52 [INFO] nba_data_build: game_rosters 2026: done -- 34883 rows in 47.9s
2026-09-09 05:20:52 [INFO] nba_data_build: game_rosters 2026: season complete -- 34883 rows
::endgroup::
::group::nba_data_build officials 2026
2026-09-09 05:20:54 [INFO] nba_data_build: officials 2026: season-level build starting (raw=https://raw.githubusercontent.com/sportsdataverse/hoopR-nba-raw/main via http)
2026-09-09 05:21:00 [INFO] nba_data_build: wrote ../nba/officials/parquet/officials_2026.parquet (19.1KB) + officials_2026.rds (19.3KB) + officials_2026.csv (214.4KB), 4056 rows x 7 cols; manifest nba_officials_in_data_repo.csv appended
2026-09-09 05:21:00 [INFO] nba_data_build: uploading officials_2026.parquet (19.1KB) -> sportsdataverse/sportsdataverse-data:espn_nba_officials
2026-09-09 05:21:02 [INFO] nba_data_build: uploaded officials_2026.parquet -> espn_nba_officials (asset 1/4)
2026-09-09 05:21:02 [INFO] nba_data_build: uploading officials_2026.rds (19.3KB) -> sportsdataverse/sportsdataverse-data:espn_nba_officials
2026-09-09 05:21:03 [INFO] nba_data_build: uploaded officials_2026.rds -> espn_nba_officials (asset 2/4)
2026-09-09 05:21:03 [INFO] nba_data_build: uploading officials_2026.csv (214.4KB) -> sportsdataverse/sportsdataverse-data:espn_nba_officials
2026-09-09 05:21:05 [INFO] nba_data_build: uploaded officials_2026.csv -> espn_nba_officials (asset 3/4)
2026-09-09 05:21:05 [INFO] nba_data_build: uploading nba_officials_in_data_repo.csv (2.6KB) -> sportsdataverse/sportsdataverse-data:espn_nba_officials
2026-09-09 05:21:06 [INFO] nba_data_build: uploaded nba_officials_in_data_repo.csv -> espn_nba_officials (asset 4/4)
2026-09-09 05:21:13 [INFO] nba_data_build: stamped espn_nba_officials with timestamp.txt, timestamp.json, package_function.txt, package_function.json
2026-09-09 05:21:13 [INFO] nba_data_build: officials 2026: done -- 4056 rows in 19.1s
2026-09-09 05:21:13 [INFO] nba_data_build: officials 2026: season complete -- 4056 rows
::endgroup::
::group::nba_data_build draft 2026
2026-09-09 05:21:14 [INFO] nba_data_build: draft 2026: season-level build starting (raw=https://raw.githubusercontent.com/sportsdataverse/hoopR-nba-raw/main via http)
2026-09-09 05:21:15 [INFO] nba_data_build: wrote ../nba/draft/parquet/draft_2026.parquet (14.7KB) + draft_2026.rds (2.8KB) + draft_2026.csv (7.9KB), 60 rows x 35 cols; manifest nba_draft_in_data_repo.csv appended
2026-09-09 05:21:15 [INFO] nba_data_build: uploading draft_2026.parquet (14.7KB) -> sportsdataverse/sportsdataverse-data:espn_nba_draft
2026-09-09 05:21:17 [INFO] nba_data_build: uploaded draft_2026.parquet -> espn_nba_draft (asset 1/4)
2026-09-09 05:21:17 [INFO] nba_data_build: uploading draft_2026.rds (2.8KB) -> sportsdataverse/sportsdataverse-data:espn_nba_draft
2026-09-09 05:21:18 [INFO] nba_data_build: uploaded draft_2026.rds -> espn_nba_draft (asset 2/4)
2026-09-09 05:21:18 [INFO] nba_data_build: uploading draft_2026.csv (7.9KB) -> sportsdataverse/sportsdataverse-data:espn_nba_draft
2026-09-09 05:21:20 [INFO] nba_data_build: uploaded draft_2026.csv -> espn_nba_draft (asset 3/4)
2026-09-09 05:21:20 [INFO] nba_data_build: uploading nba_draft_in_data_repo.csv (554B) -> sportsdataverse/sportsdataverse-data:espn_nba_draft
2026-09-09 05:21:22 [INFO] nba_data_build: uploaded nba_draft_in_data_repo.csv -> espn_nba_draft (asset 4/4)
2026-09-09 05:21:27 [INFO] nba_data_build: stamped espn_nba_draft with timestamp.txt, timestamp.json, package_function.txt, package_function.json
2026-09-09 05:21:27 [INFO] nba_data_build: draft 2026: done -- 60 rows in 13.1s
2026-09-09 05:21:27 [INFO] nba_data_build: draft 2026: season complete -- 60 rows
::endgroup::
::group::nba_data_build team_crosswalk 2026
2026-09-09 05:21:29 [INFO] nba_data_build: team_crosswalk 2026: season-level build starting (raw=None via disk)
Traceback (most recent call last):
  File "/home/runner/work/hoopR-nba-data/hoopR-nba-data/.venv/lib/python3.12/site-packages/curl_cffi/requests/session.py", line 830, in _request_once
    c.perform()
  File "/home/runner/work/hoopR-nba-data/hoopR-nba-data/.venv/lib/python3.12/site-packages/curl_cffi/curl.py", line 587, in perform
    self._check_error(ret, "perform")
  File "/home/runner/work/hoopR-nba-data/hoopR-nba-data/.venv/lib/python3.12/site-packages/curl_cffi/curl.py", line 320, in _check_error
    raise error
curl_cffi.curl.CurlError: Failed to perform, curl: (28) Operation timed out after 30002 milliseconds with 0 bytes received. See https://curl.se/libcurl/c/libcurl-errors.html first for more details.

The above exception was the direct cause of the following exception:

Traceback (most recent call last):
  File "/home/runner/work/hoopR-nba-data/hoopR-nba-data/.venv/lib/python3.12/site-packages/sportsdataverse/_crosswalk_basketball_sources.py", line 139, in require_source
    out = fetch()
          ^^^^^^^
  File "/home/runner/work/hoopR-nba-data/hoopR-nba-data/.venv/lib/python3.12/site-packages/sportsdataverse/nba/nba_crosswalk.py", line 303, in _fetch
    raw = nba_stats_leaguestandingsv3(season=stats_season, **kwargs)
          ^^^^^^^^^^^^^^^^^^^^^^^^^^^^^^^^^^^^^^^^^^^^^^^^^^^^^^^^^^
  File "/home/runner/work/hoopR-nba-data/hoopR-nba-data/.venv/lib/python3.12/site-packages/sportsdataverse/nba/nba_stats.py", line 5130, in nba_stats_leaguestandingsv3
    raw = _get(
          ^^^^^
  File "/home/runner/work/hoopR-nba-data/hoopR-nba-data/.venv/lib/python3.12/site-packages/sportsdataverse/nba/nba_stats_runtime.py", line 177, in _get
    status, text = _transport(url, clean, _headers, proxy_url)
                   ^^^^^^^^^^^^^^^^^^^^^^^^^^^^^^^^^^^^^^^^^^^
  File "/home/runner/work/hoopR-nba-data/hoopR-nba-data/.venv/lib/python3.12/site-packages/sportsdataverse/nba/nba_stats_runtime.py", line 82, in _curl_transport
    r = creq.get(
        ^^^^^^^^^
  File "/home/runner/work/hoopR-nba-data/hoopR-nba-data/.venv/lib/python3.12/site-packages/curl_cffi/requests/__init__.py", line 153, in get
    return request(method="GET", url=url, **kwargs)
           ^^^^^^^^^^^^^^^^^^^^^^^^^^^^^^^^^^^^^^^^
  File "/home/runner/work/hoopR-nba-data/hoopR-nba-data/.venv/lib/python3.12/site-packages/curl_cffi/requests/__init__.py", line 145, in request
    return s.request(method=method, url=url, **kwargs)
           ^^^^^^^^^^^^^^^^^^^^^^^^^^^^^^^^^^^^^^^^^^^
  File "/home/runner/work/hoopR-nba-data/hoopR-nba-data/.venv/lib/python3.12/site-packages/curl_cffi/requests/session.py", line 903, in request
    return self._request_once(
           ^^^^^^^^^^^^^^^^^^^
  File "/home/runner/work/hoopR-nba-data/hoopR-nba-data/.venv/lib/python3.12/site-packages/curl_cffi/requests/session.py", line 837, in _request_once
    raise error(str(e), e.code, rsp) from e
curl_cffi.requests.exceptions.Timeout: Failed to perform, curl: (28) Operation timed out after 30002 milliseconds with 0 bytes received. See https://curl.se/libcurl/c/libcurl-errors.html first for more details.

The above exception was the direct cause of the following exception:

Traceback (most recent call last):
  File "<frozen runpy>", line 198, in _run_module_as_main
  File "<frozen runpy>", line 88, in _run_code
  File "/home/runner/work/hoopR-nba-data/hoopR-nba-data/python/nba_data_build/__main__.py", line 6, in <module>
    sys.exit(main())
             ^^^^^^
  File "/home/runner/work/hoopR-nba-data/hoopR-nba-data/python/nba_data_build/cli.py", line 26, in main
    df = build_season(
         ^^^^^^^^^^^^^
  File "/home/runner/work/hoopR-nba-data/hoopR-nba-data/python/nba_data_build/build.py", line 72, in build_season
    out = reshapers.SEASON_BUILDERS[dataset](season, raw_root=root, base=Path(base))
          ^^^^^^^^^^^^^^^^^^^^^^^^^^^^^^^^^^^^^^^^^^^^^^^^^^^^^^^^^^^^^^^^^^^^^^^^^^
  File "/home/runner/work/hoopR-nba-data/hoopR-nba-data/python/nba_data_build/reshapers.py", line 569, in build
    return fn(season=season)
           ^^^^^^^^^^^^^^^^^
  File "/home/runner/work/hoopR-nba-data/hoopR-nba-data/.venv/lib/python3.12/site-packages/sportsdataverse/nba/nba_crosswalk.py", line 406, in nba_team_crosswalk
    stats = _stats_team_directory(season, **kwargs)
            ^^^^^^^^^^^^^^^^^^^^^^^^^^^^^^^^^^^^^^^
  File "/home/runner/work/hoopR-nba-data/hoopR-nba-data/.venv/lib/python3.12/site-packages/sportsdataverse/nba/nba_crosswalk.py", line 306, in _stats_team_directory
    standings = require_source(label, _fetch)
                ^^^^^^^^^^^^^^^^^^^^^^^^^^^^^
  File "/home/runner/work/hoopR-nba-data/hoopR-nba-data/.venv/lib/python3.12/site-packages/sportsdataverse/_crosswalk_basketball_sources.py", line 143, in require_source
    raise CrosswalkSourceError(f"{label} could not be produced: {type(exc).__name__}: {exc}") from exc
sportsdataverse._crosswalk_basketball_sources.CrosswalkSourceError: nba_stats_leaguestandingsv3(season='2025-26') could not be produced: Timeout: Failed to perform, curl: (28) Operation timed out after 30002 milliseconds with 0 bytes received. See https://curl.se/libcurl/c/libcurl-errors.html first for more details.
::warning ::nba_data_build team_crosswalk for season 2026 exited with code 1 (crosswalk; non-fatal, live external source)
::endgroup::
::group::nba_data_build schedule_crosswalk 2026
2026-09-09 05:22:01 [INFO] nba_data_build: schedule_crosswalk 2026: season-level build starting (raw=None via disk)
Traceback (most recent call last):
  File "/home/runner/work/hoopR-nba-data/hoopR-nba-data/.venv/lib/python3.12/site-packages/curl_cffi/requests/session.py", line 830, in _request_once
    c.perform()
  File "/home/runner/work/hoopR-nba-data/hoopR-nba-data/.venv/lib/python3.12/site-packages/curl_cffi/curl.py", line 587, in perform
    self._check_error(ret, "perform")
  File "/home/runner/work/hoopR-nba-data/hoopR-nba-data/.venv/lib/python3.12/site-packages/curl_cffi/curl.py", line 320, in _check_error
    raise error
curl_cffi.curl.CurlError: Failed to perform, curl: (28) Operation timed out after 30001 milliseconds with 0 bytes received. See https://curl.se/libcurl/c/libcurl-errors.html first for more details.

The above exception was the direct cause of the following exception:

Traceback (most recent call last):
  File "/home/runner/work/hoopR-nba-data/hoopR-nba-data/.venv/lib/python3.12/site-packages/sportsdataverse/_crosswalk_basketball_sources.py", line 139, in require_source
    out = fetch()
          ^^^^^^^
  File "/home/runner/work/hoopR-nba-data/hoopR-nba-data/.venv/lib/python3.12/site-packages/sportsdataverse/nba/nba_crosswalk.py", line 303, in _fetch
    raw = nba_stats_leaguestandingsv3(season=stats_season, **kwargs)
          ^^^^^^^^^^^^^^^^^^^^^^^^^^^^^^^^^^^^^^^^^^^^^^^^^^^^^^^^^^
  File "/home/runner/work/hoopR-nba-data/hoopR-nba-data/.venv/lib/python3.12/site-packages/sportsdataverse/nba/nba_stats.py", line 5130, in nba_stats_leaguestandingsv3
    raw = _get(
          ^^^^^
  File "/home/runner/work/hoopR-nba-data/hoopR-nba-data/.venv/lib/python3.12/site-packages/sportsdataverse/nba/nba_stats_runtime.py", line 177, in _get
    status, text = _transport(url, clean, _headers, proxy_url)
                   ^^^^^^^^^^^^^^^^^^^^^^^^^^^^^^^^^^^^^^^^^^^
  File "/home/runner/work/hoopR-nba-data/hoopR-nba-data/.venv/lib/python3.12/site-packages/sportsdataverse/nba/nba_stats_runtime.py", line 82, in _curl_transport
    r = creq.get(
        ^^^^^^^^^
  File "/home/runner/work/hoopR-nba-data/hoopR-nba-data/.venv/lib/python3.12/site-packages/curl_cffi/requests/__init__.py", line 153, in get
    return request(method="GET", url=url, **kwargs)
           ^^^^^^^^^^^^^^^^^^^^^^^^^^^^^^^^^^^^^^^^
  File "/home/runner/work/hoopR-nba-data/hoopR-nba-data/.venv/lib/python3.12/site-packages/curl_cffi/requests/__init__.py", line 145, in request
    return s.request(method=method, url=url, **kwargs)
           ^^^^^^^^^^^^^^^^^^^^^^^^^^^^^^^^^^^^^^^^^^^
  File "/home/runner/work/hoopR-nba-data/hoopR-nba-data/.venv/lib/python3.12/site-packages/curl_cffi/requests/session.py", line 903, in request
    return self._request_once(
           ^^^^^^^^^^^^^^^^^^^
  File "/home/runner/work/hoopR-nba-data/hoopR-nba-data/.venv/lib/python3.12/site-packages/curl_cffi/requests/session.py", line 837, in _request_once
    raise error(str(e), e.code, rsp) from e
curl_cffi.requests.exceptions.Timeout: Failed to perform, curl: (28) Operation timed out after 30001 milliseconds with 0 bytes received. See https://curl.se/libcurl/c/libcurl-errors.html first for more details.

The above exception was the direct cause of the following exception:

Traceback (most recent call last):
  File "<frozen runpy>", line 198, in _run_module_as_main
  File "<frozen runpy>", line 88, in _run_code
  File "/home/runner/work/hoopR-nba-data/hoopR-nba-data/python/nba_data_build/__main__.py", line 6, in <module>
    sys.exit(main())
             ^^^^^^
  File "/home/runner/work/hoopR-nba-data/hoopR-nba-data/python/nba_data_build/cli.py", line 26, in main
    df = build_season(
         ^^^^^^^^^^^^^
  File "/home/runner/work/hoopR-nba-data/hoopR-nba-data/python/nba_data_build/build.py", line 72, in build_season
    out = reshapers.SEASON_BUILDERS[dataset](season, raw_root=root, base=Path(base))
          ^^^^^^^^^^^^^^^^^^^^^^^^^^^^^^^^^^^^^^^^^^^^^^^^^^^^^^^^^^^^^^^^^^^^^^^^^^
  File "/home/runner/work/hoopR-nba-data/hoopR-nba-data/python/nba_data_build/reshapers.py", line 569, in build
    return fn(season=season)
           ^^^^^^^^^^^^^^^^^
  File "/home/runner/work/hoopR-nba-data/hoopR-nba-data/.venv/lib/python3.12/site-packages/sportsdataverse/nba/nba_crosswalk.py", line 463, in nba_schedule_crosswalk
    team_xwalk = nba_team_crosswalk(season=season, **kwargs)
                 ^^^^^^^^^^^^^^^^^^^^^^^^^^^^^^^^^^^^^^^^^^^
  File "/home/runner/work/hoopR-nba-data/hoopR-nba-data/.venv/lib/python3.12/site-packages/sportsdataverse/nba/nba_crosswalk.py", line 406, in nba_team_crosswalk
    stats = _stats_team_directory(season, **kwargs)
            ^^^^^^^^^^^^^^^^^^^^^^^^^^^^^^^^^^^^^^^
  File "/home/runner/work/hoopR-nba-data/hoopR-nba-data/.venv/lib/python3.12/site-packages/sportsdataverse/nba/nba_crosswalk.py", line 306, in _stats_team_directory
    standings = require_source(label, _fetch)
                ^^^^^^^^^^^^^^^^^^^^^^^^^^^^^
  File "/home/runner/work/hoopR-nba-data/hoopR-nba-data/.venv/lib/python3.12/site-packages/sportsdataverse/_crosswalk_basketball_sources.py", line 143, in require_source
    raise CrosswalkSourceError(f"{label} could not be produced: {type(exc).__name__}: {exc}") from exc
sportsdataverse._crosswalk_basketball_sources.CrosswalkSourceError: nba_stats_leaguestandingsv3(season='2025-26') could not be produced: Timeout: Failed to perform, curl: (28) Operation timed out after 30001 milliseconds with 0 bytes received. See https://curl.se/libcurl/c/libcurl-errors.html first for more details.
::warning ::nba_data_build schedule_crosswalk for season 2026 exited with code 1 (crosswalk; non-fatal, live external source)
::endgroup::
::group::nba_data_build player_crosswalk 2026
2026-09-09 05:22:33 [INFO] nba_data_build: player_crosswalk 2026: season-level build starting (raw=None via disk)
Traceback (most recent call last):
  File "/home/runner/work/hoopR-nba-data/hoopR-nba-data/.venv/lib/python3.12/site-packages/curl_cffi/requests/session.py", line 830, in _request_once
    c.perform()
  File "/home/runner/work/hoopR-nba-data/hoopR-nba-data/.venv/lib/python3.12/site-packages/curl_cffi/curl.py", line 587, in perform
    self._check_error(ret, "perform")
  File "/home/runner/work/hoopR-nba-data/hoopR-nba-data/.venv/lib/python3.12/site-packages/curl_cffi/curl.py", line 320, in _check_error
    raise error
curl_cffi.curl.CurlError: Failed to perform, curl: (28) Operation timed out after 30002 milliseconds with 0 bytes received. See https://curl.se/libcurl/c/libcurl-errors.html first for more details.

The above exception was the direct cause of the following exception:

Traceback (most recent call last):
  File "/home/runner/work/hoopR-nba-data/hoopR-nba-data/.venv/lib/python3.12/site-packages/sportsdataverse/_crosswalk_basketball_sources.py", line 139, in require_source
    out = fetch()
          ^^^^^^^
  File "/home/runner/work/hoopR-nba-data/hoopR-nba-data/.venv/lib/python3.12/site-packages/sportsdataverse/nba/nba_crosswalk.py", line 303, in _fetch
    raw = nba_stats_leaguestandingsv3(season=stats_season, **kwargs)
          ^^^^^^^^^^^^^^^^^^^^^^^^^^^^^^^^^^^^^^^^^^^^^^^^^^^^^^^^^^
  File "/home/runner/work/hoopR-nba-data/hoopR-nba-data/.venv/lib/python3.12/site-packages/sportsdataverse/nba/nba_stats.py", line 5130, in nba_stats_leaguestandingsv3
    raw = _get(
          ^^^^^
  File "/home/runner/work/hoopR-nba-data/hoopR-nba-data/.venv/lib/python3.12/site-packages/sportsdataverse/nba/nba_stats_runtime.py", line 177, in _get
    status, text = _transport(url, clean, _headers, proxy_url)
                   ^^^^^^^^^^^^^^^^^^^^^^^^^^^^^^^^^^^^^^^^^^^
  File "/home/runner/work/hoopR-nba-data/hoopR-nba-data/.venv/lib/python3.12/site-packages/sportsdataverse/nba/nba_stats_runtime.py", line 82, in _curl_transport
    r = creq.get(
        ^^^^^^^^^
  File "/home/runner/work/hoopR-nba-data/hoopR-nba-data/.venv/lib/python3.12/site-packages/curl_cffi/requests/__init__.py", line 153, in get
    return request(method="GET", url=url, **kwargs)
           ^^^^^^^^^^^^^^^^^^^^^^^^^^^^^^^^^^^^^^^^
  File "/home/runner/work/hoopR-nba-data/hoopR-nba-data/.venv/lib/python3.12/site-packages/curl_cffi/requests/__init__.py", line 145, in request
    return s.request(method=method, url=url, **kwargs)
           ^^^^^^^^^^^^^^^^^^^^^^^^^^^^^^^^^^^^^^^^^^^
  File "/home/runner/work/hoopR-nba-data/hoopR-nba-data/.venv/lib/python3.12/site-packages/curl_cffi/requests/session.py", line 903, in request
    return self._request_once(
           ^^^^^^^^^^^^^^^^^^^
  File "/home/runner/work/hoopR-nba-data/hoopR-nba-data/.venv/lib/python3.12/site-packages/curl_cffi/requests/session.py", line 837, in _request_once
    raise error(str(e), e.code, rsp) from e
curl_cffi.requests.exceptions.Timeout: Failed to perform, curl: (28) Operation timed out after 30002 milliseconds with 0 bytes received. See https://curl.se/libcurl/c/libcurl-errors.html first for more details.

The above exception was the direct cause of the following exception:

Traceback (most recent call last):
  File "<frozen runpy>", line 198, in _run_module_as_main
  File "<frozen runpy>", line 88, in _run_code
  File "/home/runner/work/hoopR-nba-data/hoopR-nba-data/python/nba_data_build/__main__.py", line 6, in <module>
    sys.exit(main())
             ^^^^^^
  File "/home/runner/work/hoopR-nba-data/hoopR-nba-data/python/nba_data_build/cli.py", line 26, in main
    df = build_season(
         ^^^^^^^^^^^^^
  File "/home/runner/work/hoopR-nba-data/hoopR-nba-data/python/nba_data_build/build.py", line 72, in build_season
    out = reshapers.SEASON_BUILDERS[dataset](season, raw_root=root, base=Path(base))
          ^^^^^^^^^^^^^^^^^^^^^^^^^^^^^^^^^^^^^^^^^^^^^^^^^^^^^^^^^^^^^^^^^^^^^^^^^^
  File "/home/runner/work/hoopR-nba-data/hoopR-nba-data/python/nba_data_build/reshapers.py", line 569, in build
    return fn(season=season)
           ^^^^^^^^^^^^^^^^^
  File "/home/runner/work/hoopR-nba-data/hoopR-nba-data/.venv/lib/python3.12/site-packages/sportsdataverse/nba/nba_crosswalk.py", line 523, in nba_player_crosswalk
    team_xwalk = nba_team_crosswalk(season=season, **kwargs)
                 ^^^^^^^^^^^^^^^^^^^^^^^^^^^^^^^^^^^^^^^^^^^
  File "/home/runner/work/hoopR-nba-data/hoopR-nba-data/.venv/lib/python3.12/site-packages/sportsdataverse/nba/nba_crosswalk.py", line 406, in nba_team_crosswalk
    stats = _stats_team_directory(season, **kwargs)
            ^^^^^^^^^^^^^^^^^^^^^^^^^^^^^^^^^^^^^^^
  File "/home/runner/work/hoopR-nba-data/hoopR-nba-data/.venv/lib/python3.12/site-packages/sportsdataverse/nba/nba_crosswalk.py", line 306, in _stats_team_directory
    standings = require_source(label, _fetch)
                ^^^^^^^^^^^^^^^^^^^^^^^^^^^^^
  File "/home/runner/work/hoopR-nba-data/hoopR-nba-data/.venv/lib/python3.12/site-packages/sportsdataverse/_crosswalk_basketball_sources.py", line 143, in require_source
    raise CrosswalkSourceError(f"{label} could not be produced: {type(exc).__name__}: {exc}") from exc
sportsdataverse._crosswalk_basketball_sources.CrosswalkSourceError: nba_stats_leaguestandingsv3(season='2025-26') could not be produced: Timeout: Failed to perform, curl: (28) Operation timed out after 30002 milliseconds with 0 bytes received. See https://curl.se/libcurl/c/libcurl-errors.html first for more details.
::warning ::nba_data_build player_crosswalk for season 2026 exited with code 1 (crosswalk; non-fatal, live external source)
::endgroup::
season 2026 EXIT=0
pushed: NBA Data Updated (Start: 2026 End: 2026) (attempt 1)
